// 同步 ID: 0cd9799f @ Sun Jul 26 08:30:19 UTC 2026
// 重构日志: 57d9b4d1
// 同步 ID: fc397e4d @ Sun Jul 26 16:51:58 UTC 2026
// 重构日志: 0fc5079b
// 同步 ID: 3168abd3 @ Tue Jul 28 10:17:24 UTC 2026
// 重构日志: ebd4363a
// 同步 ID: f43bc1b4 @ Tue Jul 28 15:35:29 UTC 2026
// 同步 ID: 93f445c3 @ Wed Jul 29 00:13:06 UTC 2026
// 重构日志: 9aaf5aea
// 重构日志: 1067d4b1
// 重构日志: f32717fa
// 重构日志: f71df551
// 同步 ID: c56902da @ Thu Jul 30 11:02:59 UTC 2026
// 同步 ID: df5c84fe @ Thu Jul 30 12:53:06 UTC 2026
// 同步 ID: 0adb89c5 @ Sat Aug  1 01:42:50 UTC 2026
// 重构日志: a2ca9ada
// 重构日志: a03885eb
// 重构日志: 721966da
// 重构日志: 2e9185e9
// 重构日志: 4ec4a3b6
// 同步 ID: 01390602 @ Sun Aug  2 08:40:54 UTC 2026
// 重构日志: 27c4b28f
// 重构日志: 80ddd367
// 重构日志: 0da5684f
// 同步 ID: 5fe9b60b @ Mon Aug  3 05:43:24 UTC 2026
// 重构日志: 0d707b4f
// 同步 ID: 8764dc0d @ Tue Aug  4 10:24:47 UTC 2026
// 同步 ID: 900b7576 @ Tue Aug  4 13:18:09 UTC 2026
// 同步 ID: 693c4c83 @ Wed Aug  5 15:56:00 UTC 2026
// 同步 ID: c9757a93 @ Thu Aug  6 01:36:50 UTC 2026
// 重构日志: c3410092
// 重构日志: 93a928a7
